openjdk version "26.0.2.1" 2026-08-18
OpenJDK Runtime Environment Homebrew (build 26.0.2.1)
OpenJDK 64-Bit Server VM Homebrew (build 26.0.2.1, mixed mode)
INFO  Using log config file: jar:file:/opt/homebrew/Cellar/ghidra/12.1.3/libexec/Ghidra/Framework/Generic/lib/Generic.jar!/generic.log4j.xml (LoggingInitialization)  
INFO  Using log file: /Users/andiyar/Library/ghidra/ghidra_12.1.3_PUBLIC/application.log (LoggingInitialization)  
INFO  Loading user preferences: /Users/andiyar/Library/ghidra/ghidra_12.1.3_PUBLIC/preferences (Preferences)  
INFO  Loading previous preferences: /Users/andiyar/Library/ghidra/ghidra_12.1.2_PUBLIC/preferences (Preferences)  
INFO  Searching for classes... (ClassSearcher)  
INFO  Class search complete (544 ms) (ClassSearcher)  
WARNING: Final field name in class ghidra.util.charset.CharsetInfo has been mutated reflectively by class com.google.gson.internal.bind.ReflectiveTypeAdapterFactory$2 in unnamed module @15aab8c6 (file:/opt/homebrew/Cellar/ghidra/12.1.3/libexec/Ghidra/Framework/Generic/lib/gson-2.13.2.jar)
WARNING: Use --enable-final-field-mutation=ALL-UNNAMED to avoid a warning
WARNING: Mutating final fields will be blocked in a future release unless final field mutation is enabled
INFO  Initializing SSL Context (DefaultSSLContextInitializer)  
INFO  Initializing Random Number Generator... (SecureRandomFactory)  
INFO  Random Number Generator initialization complete: NativePRNGNonBlocking (SecureRandomFactory)  
INFO  Trust manager disabled, cacerts have not been set (DefaultTrustManagerFactory)  
INFO  Headless startup complete (1256 ms) (AnalyzeHeadless)  
INFO  Class searcher loaded 59 extension points (20 false positives) (ClassSearcher)  
WARNING: A terminally deprecated method in sun.misc.Unsafe has been called
WARNING: sun.misc.Unsafe::staticFieldOffset has been called by org.apache.felix.framework.util.SecureAction (file:/opt/homebrew/Cellar/ghidra/12.1.3/libexec/Ghidra/Features/Base/lib/org.apache.felix.framework-7.0.5.jar)
WARNING: Please consider reporting this to the maintainers of class org.apache.felix.framework.util.SecureAction
WARNING: sun.misc.Unsafe::staticFieldOffset will be removed in a future release
INFO  HEADLESS Script Paths:
    /opt/homebrew/Cellar/ghidra/12.1.3/libexec/Ghidra/Processors/8051/ghidra_scripts
    /opt/homebrew/Cellar/ghidra/12.1.3/libexec/Ghidra/Debug/Debugger-rmi-trace/ghidra_scripts
    /opt/homebrew/Cellar/ghidra/12.1.3/libexec/Ghidra/Features/FileFormats/ghidra_scripts
    /opt/homebrew/Cellar/ghidra/12.1.3/libexec/Ghidra/Features/Decompiler/ghidra_scripts
    /opt/homebrew/Cellar/ghidra/12.1.3/libexec/Ghidra/Features/PDB/ghidra_scripts
    /Users/andiyar/Developer/Ambrosia/ghidra
    /opt/homebrew/Cellar/ghidra/12.1.3/libexec/Ghidra/Processors/JVM/ghidra_scripts
    /opt/homebrew/Cellar/ghidra/12.1.3/libexec/Ghidra/Features/SystemEmulation/ghidra_scripts
    /opt/homebrew/Cellar/ghidra/12.1.3/libexec/Ghidra/Processors/PIC/ghidra_scripts
    /opt/homebrew/Cellar/ghidra/12.1.3/libexec/Ghidra/Debug/Debugger/ghidra_scripts
    /opt/homebrew/Cellar/ghidra/12.1.3/libexec/Ghidra/Features/GnuDemangler/ghidra_scripts
    /opt/homebrew/Cellar/ghidra/12.1.3/libexec/Ghidra/Features/MicrosoftCodeAnalyzer/ghidra_scripts
    /opt/homebrew/Cellar/ghidra/12.1.3/libexec/Ghidra/Features/PyGhidra/ghidra_scripts
    /opt/homebrew/Cellar/ghidra/12.1.3/libexec/Ghidra/Features/SwiftDemangler/ghidra_scripts
    /opt/homebrew/Cellar/ghidra/12.1.3/libexec/Ghidra/Features/WildcardAssembler/ghidra_scripts
    /opt/homebrew/Cellar/ghidra/12.1.3/libexec/Ghidra/Features/VersionTracking/ghidra_scripts
    /opt/homebrew/Cellar/ghidra/12.1.3/libexec/Ghidra/Features/BSim/ghidra_scripts
    /opt/homebrew/Cellar/ghidra/12.1.3/libexec/Ghidra/Features/BytePatterns/ghidra_scripts
    /opt/homebrew/Cellar/ghidra/12.1.3/libexec/Ghidra/Processors/Atmel/ghidra_scripts
    /opt/homebrew/Cellar/ghidra/12.1.3/libexec/Ghidra/Features/DecompilerDependent/ghidra_scripts
    /opt/homebrew/Cellar/ghidra/12.1.3/libexec/Ghidra/Processors/DATA/ghidra_scripts
    /opt/homebrew/Cellar/ghidra/12.1.3/libexec/Ghidra/Features/Base/ghidra_scripts
    /opt/homebrew/Cellar/ghidra/12.1.3/libexec/Ghidra/Features/FunctionID/ghidra_scripts (HeadlessAnalyzer)  
INFO  HEADLESS: execution starts (HeadlessAnalyzer)  
INFO  Creating project: /Users/andiyar/Developer/Ambrosia/ghidra/proj/BTX (HeadlessAnalyzer)  
INFO  Creating project: /Users/andiyar/Developer/Ambrosia/ghidra/proj/BTX (DefaultProject)  
INFO  REPORT: Processing input files:  (HeadlessAnalyzer)  
INFO       project: /Users/andiyar/Developer/Ambrosia/ghidra/proj/BTX (HeadlessAnalyzer)  
INFO  IMPORTING: file:///Users/andiyar/Developer/Ambrosia/ghidra/BTX_i386 (HeadlessAnalyzer)  
INFO  Using Loader: Mac OS X Mach-O (ProgramLoader)  
INFO  Using Language/Compiler: x86:LE:32:default:gcc (ProgramLoader)  
INFO  Using Library Search Path: [., /System/Library/dyld/dyld_shared_cache_arm64e, /System/Library/dyld/dyld_shared_cache_x86_64, /System/Library/dyld/dyld_shared_cache_x86_64h, /System/Cryptexes/OS/System/Library/dyld/dyld_shared_cache_arm64e, /System/Cryptexes/OS/System/Library/dyld/dyld_shared_cache_x86_64, /System/Cryptexes/OS/System/Library/dyld/dyld_shared_cache_x86_64h, /Users/andiyar/Library/Java/Extensions, /Library/Java/Extensions, /Network/Library/Java/Extensions, /System/Library/Java/Extensions, /usr/lib/java] (ProgramLoader)  
INFO  Additional info:
Loading file:///Users/andiyar/Developer/Ambrosia/ghidra/BTX_i386?MD5=3121ac9d12513ac00f3ce87818578328...
------------------------------------------------

Linking the External Programs of 'BTX_i386' to imported libraries...
  [/System/Library/Frameworks/ApplicationServices.framework/Versions/A/ApplicationServices] -> not found in project
  [/System/Library/Frameworks/Carbon.framework/Versions/A/Carbon] -> not found in project
  [/System/Library/Frameworks/Security.framework/Versions/A/Security] -> not found in project
  [/System/Library/Frameworks/SystemConfiguration.framework/Versions/A/SystemConfiguration] -> not found in project
  [@executable_path/../Frameworks/ASWAppKit.framework/Versions/A/ASWAppKit] -> not found in project
  [@executable_path/../Frameworks/ASWFoundation.framework/Versions/A/ASWFoundation] -> not found in project
  [@executable_path/../Frameworks/AmbrosiaTools.framework/Versions/A/AmbrosiaTools] -> not found in project
  [@executable_path/../Frameworks/ASWDebug.framework/Versions/A/ASWDebug] -> not found in project
  [/usr/lib/libstdc++.6.dylib] -> not found in project
  [/usr/lib/libgcc_s.1.dylib] -> not found in project
  [/usr/lib/libSystem.B.dylib] -> not found in project
------------------------------------------------

 (ProgramLoader)  
INFO  IMPORTING: Loaded 0 additional files (HeadlessAnalyzer)  
INFO  ANALYZING all memory and code: file:///Users/andiyar/Developer/Ambrosia/ghidra/BTX_i386 (HeadlessAnalyzer)  
INFO  Packed database cache: /var/tmp/andiyar-ghidra/packed-db-cache (PackedDatabaseCache)  
INFO  Applied data type archive: mac_osx (ApplyDataArchiveAnalyzer)  
INFO  -----------------------------------------------------
    ASCII Strings                              0.138 secs
    Apply Data Archives                        0.154 secs
    CFStrings                                  0.006 secs
    Call Convention ID                         0.238 secs
    Call-Fixup Installer                       0.007 secs
    Create Address Tables                      0.044 secs
    Create Address Tables - One Time           0.016 secs
    Create Function                            0.055 secs
    Data Reference                             0.048 secs
    Decompiler Switch Analysis                 4.002 secs
    Demangler GNU                              0.154 secs
    Disassemble                                0.313 secs
    Disassemble Entry Points                   0.428 secs
    Disassemble Entry Points - One Time        0.003 secs
    Embedded Media                             0.003 secs
    External Entry References                  0.001 secs
    Function ID                                0.252 secs
    Function Start Pre Search                  0.005 secs
    Function Start Search                      0.019 secs
    Function Start Search After Code           0.006 secs
    Function Start Search After Data           0.007 secs
    Function Start Search delayed - One Time   0.011 secs
    Mach-O Function Starts                     0.039 secs
    Non-Returning Functions - Discovered       0.040 secs
    Non-Returning Functions - Known            0.005 secs
    Reference                                  0.038 secs
    Scalar Operand References                  0.216 secs
    Shared Return Calls                        0.043 secs
    Stack                                      0.710 secs
    Subroutine References                      0.023 secs
    X86 Function Callee Purge                  0.019 secs
    x86 Constant Reference Analyzer            0.573 secs
-----------------------------------------------------
     Total Time   7 secs
-----------------------------------------------------
 (AutoAnalysisManager)  
INFO  REPORT: Analysis succeeded for file: file:///Users/andiyar/Developer/Ambrosia/ghidra/BTX_i386 (HeadlessAnalyzer)  
INFO  REPORT: Execute script: DumpDecompile.java '/Users/andiyar/Developer/Ambrosia/ghidra/BTX_i386.decompiled.c'  (HeadlessAnalyzer)  
INFO  SCRIPT: /Users/andiyar/Developer/Ambrosia/ghidra/DumpDecompile.java (HeadlessAnalyzer)  
INFO  DumpDecompile.java> decompiled 0/1559 (GhidraScript)  
INFO  DumpDecompile.java> decompiled 500/1559 (GhidraScript)  
INFO  DumpDecompile.java> decompiled 1000/1559 (GhidraScript)  
INFO  DumpDecompile.java> DumpDecompile: wrote 1137/1559 functions to /Users/andiyar/Developer/Ambrosia/ghidra/BTX_i386.decompiled.c (GhidraScript)  
INFO  ANALYZING changes made by post scripts: file:///Users/andiyar/Developer/Ambrosia/ghidra/BTX_i386 (HeadlessAnalyzer)  
INFO  REPORT: Post-analysis succeeded for file: file:///Users/andiyar/Developer/Ambrosia/ghidra/BTX_i386 (HeadlessAnalyzer)  
INFO  /BTX_i386: file created (andiyar) (LocalFileSystem)  
INFO  REPORT: Save succeeded for: /BTX_i386 (BTX:/BTX_i386) (HeadlessAnalyzer)  
INFO  REPORT: Import succeeded (HeadlessAnalyzer)  
