openjdk version "26.0.2.1" 2026-08-18
OpenJDK Runtime Environment Homebrew (build 26.0.2.1)
OpenJDK 64-Bit Server VM Homebrew (build 26.0.2.1, mixed mode)
INFO  Using log config file: jar:file:/opt/homebrew/Cellar/ghidra/12.1.3/libexec/Ghidra/Framework/Generic/lib/Generic.jar!/generic.log4j.xml (LoggingInitialization)  
INFO  Using log file: /Users/andiyar/Library/ghidra/ghidra_12.1.3_PUBLIC/application.log (LoggingInitialization)  
INFO  Loading user preferences: /Users/andiyar/Library/ghidra/ghidra_12.1.3_PUBLIC/preferences (Preferences)  
INFO  Loading previous preferences: /Users/andiyar/Library/ghidra/ghidra_12.1.2_PUBLIC/preferences (Preferences)  
INFO  Searching for classes... (ClassSearcher)  
INFO  Class search complete (543 ms) (ClassSearcher)  
WARNING: Final field name in class ghidra.util.charset.CharsetInfo has been mutated reflectively by class com.google.gson.internal.bind.ReflectiveTypeAdapterFactory$2 in unnamed module @15aab8c6 (file:/opt/homebrew/Cellar/ghidra/12.1.3/libexec/Ghidra/Framework/Generic/lib/gson-2.13.2.jar)
WARNING: Use --enable-final-field-mutation=ALL-UNNAMED to avoid a warning
WARNING: Mutating final fields will be blocked in a future release unless final field mutation is enabled
INFO  Initializing SSL Context (DefaultSSLContextInitializer)  
INFO  Initializing Random Number Generator... (SecureRandomFactory)  
INFO  Random Number Generator initialization complete: NativePRNGNonBlocking (SecureRandomFactory)  
INFO  Trust manager disabled, cacerts have not been set (DefaultTrustManagerFactory)  
INFO  Headless startup complete (1404 ms) (AnalyzeHeadless)  
INFO  Class searcher loaded 59 extension points (20 false positives) (ClassSearcher)  
WARNING: A terminally deprecated method in sun.misc.Unsafe has been called
WARNING: sun.misc.Unsafe::staticFieldOffset has been called by org.apache.felix.framework.util.SecureAction (file:/opt/homebrew/Cellar/ghidra/12.1.3/libexec/Ghidra/Features/Base/lib/org.apache.felix.framework-7.0.5.jar)
WARNING: Please consider reporting this to the maintainers of class org.apache.felix.framework.util.SecureAction
WARNING: sun.misc.Unsafe::staticFieldOffset will be removed in a future release
INFO  HEADLESS Script Paths:
    /opt/homebrew/Cellar/ghidra/12.1.3/libexec/Ghidra/Processors/8051/ghidra_scripts
    /opt/homebrew/Cellar/ghidra/12.1.3/libexec/Ghidra/Debug/Debugger-rmi-trace/ghidra_scripts
    /opt/homebrew/Cellar/ghidra/12.1.3/libexec/Ghidra/Features/FileFormats/ghidra_scripts
    /opt/homebrew/Cellar/ghidra/12.1.3/libexec/Ghidra/Features/Decompiler/ghidra_scripts
    /opt/homebrew/Cellar/ghidra/12.1.3/libexec/Ghidra/Features/PDB/ghidra_scripts
    /opt/homebrew/Cellar/ghidra/12.1.3/libexec/Ghidra/Processors/JVM/ghidra_scripts
    /opt/homebrew/Cellar/ghidra/12.1.3/libexec/Ghidra/Features/SystemEmulation/ghidra_scripts
    /opt/homebrew/Cellar/ghidra/12.1.3/libexec/Ghidra/Processors/PIC/ghidra_scripts
    /opt/homebrew/Cellar/ghidra/12.1.3/libexec/Ghidra/Debug/Debugger/ghidra_scripts
    /opt/homebrew/Cellar/ghidra/12.1.3/libexec/Ghidra/Features/GnuDemangler/ghidra_scripts
    /opt/homebrew/Cellar/ghidra/12.1.3/libexec/Ghidra/Features/MicrosoftCodeAnalyzer/ghidra_scripts
    /opt/homebrew/Cellar/ghidra/12.1.3/libexec/Ghidra/Features/PyGhidra/ghidra_scripts
    /opt/homebrew/Cellar/ghidra/12.1.3/libexec/Ghidra/Features/SwiftDemangler/ghidra_scripts
    /opt/homebrew/Cellar/ghidra/12.1.3/libexec/Ghidra/Features/WildcardAssembler/ghidra_scripts
    /opt/homebrew/Cellar/ghidra/12.1.3/libexec/Ghidra/Features/VersionTracking/ghidra_scripts
    /opt/homebrew/Cellar/ghidra/12.1.3/libexec/Ghidra/Features/BSim/ghidra_scripts
    /opt/homebrew/Cellar/ghidra/12.1.3/libexec/Ghidra/Features/BytePatterns/ghidra_scripts
    /opt/homebrew/Cellar/ghidra/12.1.3/libexec/Ghidra/Processors/Atmel/ghidra_scripts
    /opt/homebrew/Cellar/ghidra/12.1.3/libexec/Ghidra/Features/DecompilerDependent/ghidra_scripts
    /opt/homebrew/Cellar/ghidra/12.1.3/libexec/Ghidra/Processors/DATA/ghidra_scripts
    /opt/homebrew/Cellar/ghidra/12.1.3/libexec/Ghidra/Features/Base/ghidra_scripts
    /opt/homebrew/Cellar/ghidra/12.1.3/libexec/Ghidra/Features/FunctionID/ghidra_scripts
    /Users/andiyar/Developer/Ambrosia-Classics/ghidra (HeadlessAnalyzer)  
INFO  HEADLESS: execution starts (HeadlessAnalyzer)  
INFO  Opening existing project: /Users/andiyar/Developer/Ambrosia-Classics/ghidra/proj/Cythera_pef (HeadlessAnalyzer)  
INFO  Opening project: /Users/andiyar/Developer/Ambrosia-Classics/ghidra/proj/Cythera_pef (HeadlessProject)  
INFO  REPORT: Processing read-only project file: /Cythera_pef (HeadlessAnalyzer)  
INFO  REPORT: Execute script: DumpDecompile.java '/Users/andiyar/Developer/Ambrosia-Classics/ghidra/Cythera_pef.decompiled.c'  (HeadlessAnalyzer)  
DisasmFuncs.java:8: error: duplicate class: DisasmFuncs
public class DisasmFuncs extends GhidraScript {
       ^
StringXrefs.java:16: error: duplicate class: StringXrefs
public class StringXrefs extends GhidraScript {
       ^
DumpMemory.java:10: error: duplicate class: DumpMemory
public class DumpMemory extends GhidraScript {
       ^
DisasmFuncs.java:8: error: duplicate class: DisasmFuncs
public class DisasmFuncs extends GhidraScript {
       ^
StringXrefs.java:16: error: duplicate class: StringXrefs
public class StringXrefs extends GhidraScript {
       ^
DumpMemory.java:10: error: duplicate class: DumpMemory
public class DumpMemory extends GhidraScript {
       ^
DisasmFuncs.java:8: error: duplicate class: DisasmFuncs
public class DisasmFuncs extends GhidraScript {
       ^
StringXrefs.java:16: error: duplicate class: StringXrefs
public class StringXrefs extends GhidraScript {
       ^
DumpMemory.java:10: error: duplicate class: DumpMemory
public class DumpMemory extends GhidraScript {
       ^
DisasmRange.java:9: error: duplicate class: DisasmRange
public class DisasmRange extends GhidraScript {
       ^
DisasmFuncs.java:8: error: duplicate class: DisasmFuncs
public class DisasmFuncs extends GhidraScript {
       ^
StringXrefs.java:16: error: duplicate class: StringXrefs
public class StringXrefs extends GhidraScript {
       ^
DumpMemory.java:10: error: duplicate class: DumpMemory
public class DumpMemory extends GhidraScript {
       ^
skipping /Users/andiyar/Developer/Ambrosia-Classics/ghidra/deimos-proj/critic3-work/before/docs/deimos/tools/StringXrefs.java
skipping /Users/andiyar/Developer/Ambrosia-Classics/ghidra/deimos-proj/critic3-work/after/docs/deimos/tools/DisasmFuncs.java
skipping /Users/andiyar/Developer/Ambrosia-Classics/ghidra/deimos-proj/critic3-work/before-d/tools/DumpMemory.java
skipping /Users/andiyar/Developer/Ambrosia-Classics/ghidra/deimos-proj/tools/StringXrefs.java
skipping /Users/andiyar/Developer/Ambrosia-Classics/ghidra/deimos-proj/critic3-tools/DisasmRange.java
skipping /Users/andiyar/Developer/Ambrosia-Classics/ghidra/deimos-proj/critic3-work/after/docs/deimos/tools/DumpMemory.java
skipping /Users/andiyar/Developer/Ambrosia-Classics/ghidra/deimos-proj/critic3-work/before/docs/deimos/tools/DisasmFuncs.java
skipping /Users/andiyar/Developer/Ambrosia-Classics/ghidra/deimos-proj/critic3-work/before-d/tools/DisasmFuncs.java
skipping /Users/andiyar/Developer/Ambrosia-Classics/ghidra/deimos-proj/tools/DisasmFuncs.java
skipping /Users/andiyar/Developer/Ambrosia-Classics/ghidra/deimos-proj/critic3-work/before-d/tools/StringXrefs.java
skipping /Users/andiyar/Developer/Ambrosia-Classics/ghidra/deimos-proj/tools/DumpMemory.java
skipping /Users/andiyar/Developer/Ambrosia-Classics/ghidra/deimos-proj/critic3-work/before/docs/deimos/tools/DumpMemory.java
skipping /Users/andiyar/Developer/Ambrosia-Classics/ghidra/deimos-proj/critic3-work/after/docs/deimos/tools/StringXrefs.java
INFO  SCRIPT: /Users/andiyar/Developer/Ambrosia-Classics/ghidra/DumpDecompile.java (HeadlessAnalyzer)  
INFO  DumpDecompile.java> decompiled 0/1955 (GhidraScript)  
INFO  DumpDecompile.java> decompiled 500/1955 (GhidraScript)  
INFO  DumpDecompile.java> decompiled 1000/1955 (GhidraScript)  
INFO  DumpDecompile.java> decompiled 1500/1955 (GhidraScript)  
INFO  DumpDecompile.java> DumpDecompile: wrote 1955/1955 functions to /Users/andiyar/Developer/Ambrosia-Classics/ghidra/Cythera_pef.decompiled.c (GhidraScript)  
